// Jest Snapshot v1, https://goo.gl/fbAQLP

exports[`action should write new CHANGELOG 1`] = `
Array [
  Array [
    "dir/CHANGELOG.md",
    "# Changelog

All notable changes to this project will be documented in this file.

The format is based on [Keep a Changelog](https://keepachangelog.com/en/1.0.0/),
and this project adheres to [Semantic Versioning](https://semver.org/spec/v2.0.0.html).

## [Unreleased]

## [1.0.1]

### Added

-   Something

## [1.0.0] - 2017-06-20

### Added

-   New visual identity by [@tylerfortune8](https://github.com/tylerfortune8).

### Changed

-   Start using \\"changelog\\" over \\"change log\\" since it's the common usage.

### Removed

-   Section about \\"changelog\\" vs \\"CHANGELOG\\".

## [0.3.0] - 2015-12-03

### Added

-   RU translation from [@aishek](https://github.com/aishek).

## [0.2.0] - 2015-10-06

### Changed

-   Remove exclusionary mentions of \\"open source\\" since this project can
    benefit both \\"open\\" and \\"closed\\" source projects equally.

[Unreleased]: https://github.com/olivierlacan/keep-a-changelog/compare/v1.0.1...HEAD

[1.0.1]: https://github.com/olivierlacan/keep-a-changelog/compare/v1.0.0...v1.0.1

[1.0.0]: https://github.com/olivierlacan/keep-a-changelog/compare/v0.3.0...v1.0.0

[0.3.0]: https://github.com/olivierlacan/keep-a-changelog/compare/v0.2.0...v0.3.0

[0.2.0]: https://github.com/olivierlacan/keep-a-changelog/compare/v0.1.0...v0.2.0
",
    Object {
      "encoding": "utf8",
    },
  ],
]
`;
